2024-10-23 17:41:39,520 - HTTP(S) proxy listening at *:8080.
2024-10-23 17:43:20,447 - Loading script script.py
2024-10-23 17:44:12,658 - HTTP(S) proxy listening at *:8080.
